<?xml version="1.0" encoding="utf-8"?><testsuites name="pytest tests"><testsuite name="pytest" errors="0" failures="85" skipped="0" tests="91" time="0.653" timestamp="2025-12-27T09:50:42.251700+07:00" hostname="HTCL-CPN01"><testcase classname="tests.test_generated_file_tools_v3" name="test_DuplicateFinder_find_duplicates_parametrized[test_input0-list]" time="0.001" /><testcase classname="tests.test_generated_file_tools_v3" name="test_DuplicateFinder_find_duplicates_parametrized[test_input1-dict]" time="0.001"><failure message="AssertionError: Expected {expected_type}, got {type(result)}&#10;assert (False or [] is None)&#10; +  where False = isinstance([], &lt;class 'dict'&gt;)">tests\test_generated_file_tools_v3.py:43: in test_DuplicateFinder_find_duplicates_parametrized
    assert isinstance(result, expected_type) or result is None, f"Expected {{expected_type}}, got {{type(result)}}"
E   AssertionError: Expected {expected_type}, got {type(result)}
E   assert (False or [] is None)
E    +  where False = isinstance([], &lt;class 'dict'&gt;)</failure></testcase><testcase classname="tests.test_generated_file_tools_v3" name="test_DuplicateFinder_find_duplicates_parametrized[test-expected_type2]" time="0.001"><failure message="AssertionError: Expected {expected_type}, got {type(result)}&#10;assert (False or [] is None)&#10; +  where False = isinstance([], (&lt;class 'str'&gt;, &lt;class 'NoneType'&gt;))">tests\test_generated_file_tools_v3.py:43: in test_DuplicateFinder_find_duplicates_parametrized
    assert isinstance(result, expected_type) or result is None, f"Expected {{expected_type}}, got {{type(result)}}"
E   AssertionError: Expected {expected_type}, got {type(result)}
E   assert (False or [] is None)
E    +  where False = isinstance([], (&lt;class 'str'&gt;, &lt;class 'NoneType'&gt;))</failure></testcase><testcase classname="tests.test_generated_file_tools_v3" name="test_AttributeManager_set_attributes_basic" time="0.001"><failure message="NameError: name 'tmp_path' is not defined">tests\test_generated_file_tools_v3.py:51: in test_AttributeManager_set_attributes_basic
    result = AttributeManager().set_attributes(str(tmp_path / 'test.txt'), True, True)
                                                   ^^^^^^^^
E   NameError: name 'tmp_path' is not defined</failure></testcase><testcase classname="tests.test_generated_file_tools_v3" name="test_FileToolsEngine_preview_parametrized[test_input0-list]" time="0.001" /><testcase classname="tests.test_generated_file_tools_v3" name="test_FileToolsEngine_preview_parametrized[test_input1-dict]" time="0.001"><failure message="AssertionError: Expected {expected_type}, got {type(result)}&#10;assert (False or [] is None)&#10; +  where False = isinstance([], &lt;class 'dict'&gt;)">tests\test_generated_file_tools_v3.py:67: in test_FileToolsEngine_preview_parametrized
    assert isinstance(result, expected_type) or result is None, f"Expected {{expected_type}}, got {{type(result)}}"
E   AssertionError: Expected {expected_type}, got {type(result)}
E   assert (False or [] is None)
E    +  where False = isinstance([], &lt;class 'dict'&gt;)</failure></testcase><testcase classname="tests.test_generated_file_tools_v3" name="test_FileToolsEngine_preview_parametrized[test-expected_type2]" time="0.001"><failure message="AssertionError: Expected {expected_type}, got {type(result)}&#10;assert (False or [] is None)&#10; +  where False = isinstance([], (&lt;class 'str'&gt;, &lt;class 'NoneType'&gt;))">tests\test_generated_file_tools_v3.py:67: in test_FileToolsEngine_preview_parametrized
    assert isinstance(result, expected_type) or result is None, f"Expected {{expected_type}}, got {{type(result)}}"
E   AssertionError: Expected {expected_type}, got {type(result)}
E   assert (False or [] is None)
E    +  where False = isinstance([], (&lt;class 'str'&gt;, &lt;class 'NoneType'&gt;))</failure></testcase><testcase classname="tests.test_generated_file_tools_v3" name="test_EmptyFolderCleaner_find_empty_folders_parametrized[test_input0-list]" time="0.000" /><testcase classname="tests.test_generated_file_tools_v3" name="test_EmptyFolderCleaner_find_empty_folders_parametrized[test_input1-dict]" time="0.000"><failure message="AssertionError: Expected {expected_type}, got {type(result)}&#10;assert (False or [] is None)&#10; +  where False = isinstance([], &lt;class 'dict'&gt;)">tests\test_generated_file_tools_v3.py:81: in test_EmptyFolderCleaner_find_empty_folders_parametrized
    assert isinstance(result, expected_type) or result is None, f"Expected {{expected_type}}, got {{type(result)}}"
E   AssertionError: Expected {expected_type}, got {type(result)}
E   assert (False or [] is None)
E    +  where False = isinstance([], &lt;class 'dict'&gt;)</failure></testcase><testcase classname="tests.test_generated_file_tools_v3" name="test_EmptyFolderCleaner_find_empty_folders_parametrized[test-expected_type2]" time="0.001"><failure message="AssertionError: Expected {expected_type}, got {type(result)}&#10;assert (False or [] is None)&#10; +  where False = isinstance([], (&lt;class 'str'&gt;, &lt;class 'NoneType'&gt;))">tests\test_generated_file_tools_v3.py:81: in test_EmptyFolderCleaner_find_empty_folders_parametrized
    assert isinstance(result, expected_type) or result is None, f"Expected {{expected_type}}, got {{type(result)}}"
E   AssertionError: Expected {expected_type}, got {type(result)}
E   assert (False or [] is None)
E    +  where False = isinstance([], (&lt;class 'str'&gt;, &lt;class 'NoneType'&gt;))</failure></testcase><testcase classname="tests.test_generated_file_tools_v3" name="test_FileToolsEngine_execute_parametrized[test_input0-list]" time="0.001"><failure message="TypeError: FileToolsEngine.preview() missing 1 required positional argument: 'rules'">tests\test_generated_file_tools_v3.py:94: in test_FileToolsEngine_execute_parametrized
    result = FileToolsEngine().execute(['files_test.txt'])
             ^^^^^^^^^^^^^^^^^^^^^^^^^^^^^^^^^^^^^^^^^^^^^
core\file_tools.py:644: in execute
    previews = self.preview(files)
               ^^^^^^^^^^^^^^^^^^^
E   TypeError: FileToolsEngine.preview() missing 1 required positional argument: 'rules'</failure></testcase><testcase classname="tests.test_generated_file_tools_v3" name="test_FileToolsEngine_execute_parametrized[test_input1-dict]" time="0.001"><failure message="TypeError: FileToolsEngine.preview() missing 1 required positional argument: 'rules'">tests\test_generated_file_tools_v3.py:94: in test_FileToolsEngine_execute_parametrized
    result = FileToolsEngine().execute(['files_test.txt'])
             ^^^^^^^^^^^^^^^^^^^^^^^^^^^^^^^^^^^^^^^^^^^^^
core\file_tools.py:644: in execute
    previews = self.preview(files)
               ^^^^^^^^^^^^^^^^^^^
E   TypeError: FileToolsEngine.preview() missing 1 required positional argument: 'rules'</failure></testcase><testcase classname="tests.test_generated_file_tools_v3" name="test_FileToolsEngine_execute_parametrized[test-expected_type2]" time="0.001"><failure message="TypeError: FileToolsEngine.preview() missing 1 required positional argument: 'rules'">tests\test_generated_file_tools_v3.py:94: in test_FileToolsEngine_execute_parametrized
    result = FileToolsEngine().execute(['files_test.txt'])
             ^^^^^^^^^^^^^^^^^^^^^^^^^^^^^^^^^^^^^^^^^^^^^
core\file_tools.py:644: in execute
    previews = self.preview(files)
               ^^^^^^^^^^^^^^^^^^^
E   TypeError: FileToolsEngine.preview() missing 1 required positional argument: 'rules'</failure></testcase><testcase classname="tests.test_generated_file_tools_v3" name="test_RenamePreview_has_changed_parametrized[test_input0-list]" time="0.001"><failure message="TypeError: RenamePreview.__init__() missing 2 required positional arguments: 'original_path' and 'new_filename'">tests\test_generated_file_tools_v3.py:107: in test_RenamePreview_has_changed_parametrized
    result = RenamePreview().has_changed()
             ^^^^^^^^^^^^^^^
E   TypeError: RenamePreview.__init__() missing 2 required positional arguments: 'original_path' and 'new_filename'</failure></testcase><testcase classname="tests.test_generated_file_tools_v3" name="test_RenamePreview_has_changed_parametrized[test_input1-dict]" time="0.000"><failure message="TypeError: RenamePreview.__init__() missing 2 required positional arguments: 'original_path' and 'new_filename'">tests\test_generated_file_tools_v3.py:107: in test_RenamePreview_has_changed_parametrized
    result = RenamePreview().has_changed()
             ^^^^^^^^^^^^^^^
E   TypeError: RenamePreview.__init__() missing 2 required positional arguments: 'original_path' and 'new_filename'</failure></testcase><testcase classname="tests.test_generated_file_tools_v3" name="test_RenamePreview_has_changed_parametrized[test-expected_type2]" time="0.000"><failure message="TypeError: RenamePreview.__init__() missing 2 required positional arguments: 'original_path' and 'new_filename'">tests\test_generated_file_tools_v3.py:107: in test_RenamePreview_has_changed_parametrized
    result = RenamePreview().has_changed()
             ^^^^^^^^^^^^^^^
E   TypeError: RenamePreview.__init__() missing 2 required positional arguments: 'original_path' and 'new_filename'</failure></testcase><testcase classname="tests.test_generated_file_tools_v3" name="test_RenameRule_apply_parametrized[test_input0-list]" time="0.000"><failure message="TypeError: Can't instantiate abstract class RenameRule with abstract methods apply, description">tests\test_generated_file_tools_v3.py:121: in test_RenameRule_apply_parametrized
    result = RenameRule().apply('name_example', 'test_value', 42)
             ^^^^^^^^^^^^
E   TypeError: Can't instantiate abstract class RenameRule with abstract methods apply, description</failure></testcase><testcase classname="tests.test_generated_file_tools_v3" name="test_RenameRule_apply_parametrized[test_input1-dict]" time="0.000"><failure message="TypeError: Can't instantiate abstract class RenameRule with abstract methods apply, description">tests\test_generated_file_tools_v3.py:121: in test_RenameRule_apply_parametrized
    result = RenameRule().apply('name_example', 'test_value', 42)
             ^^^^^^^^^^^^
E   TypeError: Can't instantiate abstract class RenameRule with abstract methods apply, description</failure></testcase><testcase classname="tests.test_generated_file_tools_v3" name="test_RenameRule_apply_parametrized[test-expected_type2]" time="0.001"><failure message="TypeError: Can't instantiate abstract class RenameRule with abstract methods apply, description">tests\test_generated_file_tools_v3.py:121: in test_RenameRule_apply_parametrized
    result = RenameRule().apply('name_example', 'test_value', 42)
             ^^^^^^^^^^^^
E   TypeError: Can't instantiate abstract class RenameRule with abstract methods apply, description</failure></testcase><testcase classname="tests.test_generated_file_tools_v3" name="test_RenameRule_description_parametrized[test_input0-list]" time="0.000"><failure message="TypeError: Can't instantiate abstract class RenameRule with abstract methods apply, description">tests\test_generated_file_tools_v3.py:135: in test_RenameRule_description_parametrized
    result = RenameRule().description()
             ^^^^^^^^^^^^
E   TypeError: Can't instantiate abstract class RenameRule with abstract methods apply, description</failure></testcase><testcase classname="tests.test_generated_file_tools_v3" name="test_RenameRule_description_parametrized[test_input1-dict]" time="0.000"><failure message="TypeError: Can't instantiate abstract class RenameRule with abstract methods apply, description">tests\test_generated_file_tools_v3.py:135: in test_RenameRule_description_parametrized
    result = RenameRule().description()
             ^^^^^^^^^^^^
E   TypeError: Can't instantiate abstract class RenameRule with abstract methods apply, description</failure></testcase><testcase classname="tests.test_generated_file_tools_v3" name="test_RenameRule_description_parametrized[test-expected_type2]" time="0.000"><failure message="TypeError: Can't instantiate abstract class RenameRule with abstract methods apply, description">tests\test_generated_file_tools_v3.py:135: in test_RenameRule_description_parametrized
    result = RenameRule().description()
             ^^^^^^^^^^^^
E   TypeError: Can't instantiate abstract class RenameRule with abstract methods apply, description</failure></testcase><testcase classname="tests.test_generated_file_tools_v3" name="test_CaseRule_description_parametrized[test_input0-list]" time="0.000"><failure message="TypeError: 'str' object is not callable">tests\test_generated_file_tools_v3.py:148: in test_CaseRule_description_parametrized
    result = CaseRule().description()
             ^^^^^^^^^^^^^^^^^^^^^^^^
E   TypeError: 'str' object is not callable</failure></testcase><testcase classname="tests.test_generated_file_tools_v3" name="test_CaseRule_description_parametrized[test_input1-dict]" time="0.000"><failure message="TypeError: 'str' object is not callable">tests\test_generated_file_tools_v3.py:148: in test_CaseRule_description_parametrized
    result = CaseRule().description()
             ^^^^^^^^^^^^^^^^^^^^^^^^
E   TypeError: 'str' object is not callable</failure></testcase><testcase classname="tests.test_generated_file_tools_v3" name="test_CaseRule_description_parametrized[test-expected_type2]" time="0.000"><failure message="TypeError: 'str' object is not callable">tests\test_generated_file_tools_v3.py:148: in test_CaseRule_description_parametrized
    result = CaseRule().description()
             ^^^^^^^^^^^^^^^^^^^^^^^^
E   TypeError: 'str' object is not callable</failure></testcase><testcase classname="tests.test_generated_file_tools_v3" name="test_ReplaceRule_description_parametrized[test_input0-list]" time="0.000"><failure message="TypeError: ReplaceRule.__init__() missing 2 required positional arguments: 'old' and 'new'">tests\test_generated_file_tools_v3.py:161: in test_ReplaceRule_description_parametrized
    result = ReplaceRule().description()
             ^^^^^^^^^^^^^
E   TypeError: ReplaceRule.__init__() missing 2 required positional arguments: 'old' and 'new'</failure></testcase><testcase classname="tests.test_generated_file_tools_v3" name="test_ReplaceRule_description_parametrized[test_input1-dict]" time="0.000"><failure message="TypeError: ReplaceRule.__init__() missing 2 required positional arguments: 'old' and 'new'">tests\test_generated_file_tools_v3.py:161: in test_ReplaceRule_description_parametrized
    result = ReplaceRule().description()
             ^^^^^^^^^^^^^
E   TypeError: ReplaceRule.__init__() missing 2 required positional arguments: 'old' and 'new'</failure></testcase><testcase classname="tests.test_generated_file_tools_v3" name="test_ReplaceRule_description_parametrized[test-expected_type2]" time="0.000"><failure message="TypeError: ReplaceRule.__init__() missing 2 required positional arguments: 'old' and 'new'">tests\test_generated_file_tools_v3.py:161: in test_ReplaceRule_description_parametrized
    result = ReplaceRule().description()
             ^^^^^^^^^^^^^
E   TypeError: ReplaceRule.__init__() missing 2 required positional arguments: 'old' and 'new'</failure></testcase><testcase classname="tests.test_generated_file_tools_v3" name="test_RemoveAccentsRule_description_parametrized[test_input0-list]" time="0.000"><failure message="TypeError: 'str' object is not callable">tests\test_generated_file_tools_v3.py:174: in test_RemoveAccentsRule_description_parametrized
    result = RemoveAccentsRule().description()
             ^^^^^^^^^^^^^^^^^^^^^^^^^^^^^^^^^
E   TypeError: 'str' object is not callable</failure></testcase><testcase classname="tests.test_generated_file_tools_v3" name="test_RemoveAccentsRule_description_parametrized[test_input1-dict]" time="0.000"><failure message="TypeError: 'str' object is not callable">tests\test_generated_file_tools_v3.py:174: in test_RemoveAccentsRule_description_parametrized
    result = RemoveAccentsRule().description()
             ^^^^^^^^^^^^^^^^^^^^^^^^^^^^^^^^^
E   TypeError: 'str' object is not callable</failure></testcase><testcase classname="tests.test_generated_file_tools_v3" name="test_RemoveAccentsRule_description_parametrized[test-expected_type2]" time="0.000"><failure message="TypeError: 'str' object is not callable">tests\test_generated_file_tools_v3.py:174: in test_RemoveAccentsRule_description_parametrized
    result = RemoveAccentsRule().description()
             ^^^^^^^^^^^^^^^^^^^^^^^^^^^^^^^^^
E   TypeError: 'str' object is not callable</failure></testcase><testcase classname="tests.test_generated_file_tools_v3" name="test_TrimRule_description_parametrized[test_input0-list]" time="0.000"><failure message="TypeError: 'str' object is not callable">tests\test_generated_file_tools_v3.py:187: in test_TrimRule_description_parametrized
    result = TrimRule().description()
             ^^^^^^^^^^^^^^^^^^^^^^^^
E   TypeError: 'str' object is not callable</failure></testcase><testcase classname="tests.test_generated_file_tools_v3" name="test_TrimRule_description_parametrized[test_input1-dict]" time="0.000"><failure message="TypeError: 'str' object is not callable">tests\test_generated_file_tools_v3.py:187: in test_TrimRule_description_parametrized
    result = TrimRule().description()
             ^^^^^^^^^^^^^^^^^^^^^^^^
E   TypeError: 'str' object is not callable</failure></testcase><testcase classname="tests.test_generated_file_tools_v3" name="test_TrimRule_description_parametrized[test-expected_type2]" time="0.000"><failure message="TypeError: 'str' object is not callable">tests\test_generated_file_tools_v3.py:187: in test_TrimRule_description_parametrized
    result = TrimRule().description()
             ^^^^^^^^^^^^^^^^^^^^^^^^
E   TypeError: 'str' object is not callable</failure></testcase><testcase classname="tests.test_generated_file_tools_v3" name="test_AddStringRule_description_parametrized[test_input0-list]" time="0.001"><failure message="TypeError: AddStringRule.__init__() missing 1 required positional argument: 'text'">tests\test_generated_file_tools_v3.py:200: in test_AddStringRule_description_parametrized
    result = AddStringRule().description()
             ^^^^^^^^^^^^^^^
E   TypeError: AddStringRule.__init__() missing 1 required positional argument: 'text'</failure></testcase><testcase classname="tests.test_generated_file_tools_v3" name="test_AddStringRule_description_parametrized[test_input1-dict]" time="0.000"><failure message="TypeError: AddStringRule.__init__() missing 1 required positional argument: 'text'">tests\test_generated_file_tools_v3.py:200: in test_AddStringRule_description_parametrized
    result = AddStringRule().description()
             ^^^^^^^^^^^^^^^
E   TypeError: AddStringRule.__init__() missing 1 required positional argument: 'text'</failure></testcase><testcase classname="tests.test_generated_file_tools_v3" name="test_AddStringRule_description_parametrized[test-expected_type2]" time="0.000"><failure message="TypeError: AddStringRule.__init__() missing 1 required positional argument: 'text'">tests\test_generated_file_tools_v3.py:200: in test_AddStringRule_description_parametrized
    result = AddStringRule().description()
             ^^^^^^^^^^^^^^^
E   TypeError: AddStringRule.__init__() missing 1 required positional argument: 'text'</failure></testcase><testcase classname="tests.test_generated_file_tools_v3" name="test_SequenceRule_description_parametrized[test_input0-list]" time="0.000"><failure message="TypeError: 'str' object is not callable">tests\test_generated_file_tools_v3.py:213: in test_SequenceRule_description_parametrized
    result = SequenceRule().description()
             ^^^^^^^^^^^^^^^^^^^^^^^^^^^^
E   TypeError: 'str' object is not callable</failure></testcase><testcase classname="tests.test_generated_file_tools_v3" name="test_SequenceRule_description_parametrized[test_input1-dict]" time="0.000"><failure message="TypeError: 'str' object is not callable">tests\test_generated_file_tools_v3.py:213: in test_SequenceRule_description_parametrized
    result = SequenceRule().description()
             ^^^^^^^^^^^^^^^^^^^^^^^^^^^^
E   TypeError: 'str' object is not callable</failure></testcase><testcase classname="tests.test_generated_file_tools_v3" name="test_SequenceRule_description_parametrized[test-expected_type2]" time="0.000"><failure message="TypeError: 'str' object is not callable">tests\test_generated_file_tools_v3.py:213: in test_SequenceRule_description_parametrized
    result = SequenceRule().description()
             ^^^^^^^^^^^^^^^^^^^^^^^^^^^^
E   TypeError: 'str' object is not callable</failure></testcase><testcase classname="tests.test_generated_file_tools_v3" name="test_ExtensionRule_description_parametrized[test_input0-list]" time="0.000"><failure message="TypeError: 'str' object is not callable">tests\test_generated_file_tools_v3.py:226: in test_ExtensionRule_description_parametrized
    result = ExtensionRule().description()
             ^^^^^^^^^^^^^^^^^^^^^^^^^^^^^
E   TypeError: 'str' object is not callable</failure></testcase><testcase classname="tests.test_generated_file_tools_v3" name="test_ExtensionRule_description_parametrized[test_input1-dict]" time="0.000"><failure message="TypeError: 'str' object is not callable">tests\test_generated_file_tools_v3.py:226: in test_ExtensionRule_description_parametrized
    result = ExtensionRule().description()
             ^^^^^^^^^^^^^^^^^^^^^^^^^^^^^
E   TypeError: 'str' object is not callable</failure></testcase><testcase classname="tests.test_generated_file_tools_v3" name="test_ExtensionRule_description_parametrized[test-expected_type2]" time="0.000"><failure message="TypeError: 'str' object is not callable">tests\test_generated_file_tools_v3.py:226: in test_ExtensionRule_description_parametrized
    result = ExtensionRule().description()
             ^^^^^^^^^^^^^^^^^^^^^^^^^^^^^
E   TypeError: 'str' object is not callable</failure></testcase><testcase classname="tests.test_generated_file_tools_v3" name="test_AttributeManager_set_dates_basic" time="0.000"><failure message="NameError: name 'tmp_path' is not defined">tests\test_generated_file_tools_v3.py:235: in test_AttributeManager_set_dates_basic
    result = AttributeManager().set_dates(str(tmp_path / 'test.txt'), 3.14, 3.14, 3.14)
                                              ^^^^^^^^
E   NameError: name 'tmp_path' is not defined</failure></testcase><testcase classname="tests.test_generated_file_tools_v3" name="test_TransactionLog_log_basic" time="0.001"><failure message="AssertionError: Expected result, got {result}&#10;assert (None is not None or None == [] or None == {})">tests\test_generated_file_tools_v3.py:247: in test_TransactionLog_log_basic
    assert result is not None or result == [] or result == {}, f"Expected result, got {{result}}"
E   AssertionError: Expected result, got {result}
E   assert (None is not None or None == [] or None == {})</failure></testcase><testcase classname="tests.test_generated_file_tools_v3" name="test_FileToolsEngine_undo_last_transaction_parametrized[test_input0-list]" time="0.001" /><testcase classname="tests.test_generated_file_tools_v3" name="test_FileToolsEngine_undo_last_transaction_parametrized[test_input1-dict]" time="0.001"><failure message="AssertionError: Expected {expected_type}, got {type(result)}&#10;assert (False or [('new_paths_test.txt', False, 'File not found')] is None)&#10; +  where False = isinstance([('new_paths_test.txt', False, 'File not found')], &lt;class 'dict'&gt;)">tests\test_generated_file_tools_v3.py:261: in test_FileToolsEngine_undo_last_transaction_parametrized
    assert isinstance(result, expected_type) or result is None, f"Expected {{expected_type}}, got {{type(result)}}"
E   AssertionError: Expected {expected_type}, got {type(result)}
E   assert (False or [('new_paths_test.txt', False, 'File not found')] is None)
E    +  where False = isinstance([('new_paths_test.txt', False, 'File not found')], &lt;class 'dict'&gt;)</failure></testcase><testcase classname="tests.test_generated_file_tools_v3" name="test_FileToolsEngine_undo_last_transaction_parametrized[test-expected_type2]" time="0.001"><failure message="AssertionError: Expected {expected_type}, got {type(result)}&#10;assert (False or [('new_paths_test.txt', False, 'File not found')] is None)&#10; +  where False = isinstance([('new_paths_test.txt', False, 'File not found')], (&lt;class 'str'&gt;, &lt;class 'NoneType'&gt;))">tests\test_generated_file_tools_v3.py:261: in test_FileToolsEngine_undo_last_transaction_parametrized
    assert isinstance(result, expected_type) or result is None, f"Expected {{expected_type}}, got {{type(result)}}"
E   AssertionError: Expected {expected_type}, got {type(result)}
E   assert (False or [('new_paths_test.txt', False, 'File not found')] is None)
E    +  where False = isinstance([('new_paths_test.txt', False, 'File not found')], (&lt;class 'str'&gt;, &lt;class 'NoneType'&gt;))</failure></testcase><testcase classname="tests.test_generated_file_tools_v3" name="test_CaseRule_apply_parametrized[test_input0-list]" time="0.001"><failure message="AssertionError: Expected {expected_type}, got {type(result)}&#10;assert (False or ('name_example', 'test_value') is None)&#10; +  where False = isinstance(('name_example', 'test_value'), &lt;class 'list'&gt;)">tests\test_generated_file_tools_v3.py:274: in test_CaseRule_apply_parametrized
    assert isinstance(result, expected_type) or result is None, f"Expected {{expected_type}}, got {{type(result)}}"
E   AssertionError: Expected {expected_type}, got {type(result)}
E   assert (False or ('name_example', 'test_value') is None)
E    +  where False = isinstance(('name_example', 'test_value'), &lt;class 'list'&gt;)</failure></testcase><testcase classname="tests.test_generated_file_tools_v3" name="test_CaseRule_apply_parametrized[test_input1-dict]" time="0.000"><failure message="AssertionError: Expected {expected_type}, got {type(result)}&#10;assert (False or ('name_example', 'test_value') is None)&#10; +  where False = isinstance(('name_example', 'test_value'), &lt;class 'dict'&gt;)">tests\test_generated_file_tools_v3.py:274: in test_CaseRule_apply_parametrized
    assert isinstance(result, expected_type) or result is None, f"Expected {{expected_type}}, got {{type(result)}}"
E   AssertionError: Expected {expected_type}, got {type(result)}
E   assert (False or ('name_example', 'test_value') is None)
E    +  where False = isinstance(('name_example', 'test_value'), &lt;class 'dict'&gt;)</failure></testcase><testcase classname="tests.test_generated_file_tools_v3" name="test_CaseRule_apply_parametrized[test-expected_type2]" time="0.000"><failure message="AssertionError: Expected {expected_type}, got {type(result)}&#10;assert (False or ('name_example', 'test_value') is None)&#10; +  where False = isinstance(('name_example', 'test_value'), (&lt;class 'str'&gt;, &lt;class 'NoneType'&gt;))">tests\test_generated_file_tools_v3.py:274: in test_CaseRule_apply_parametrized
    assert isinstance(result, expected_type) or result is None, f"Expected {{expected_type}}, got {{type(result)}}"
E   AssertionError: Expected {expected_type}, got {type(result)}
E   assert (False or ('name_example', 'test_value') is None)
E    +  where False = isinstance(('name_example', 'test_value'), (&lt;class 'str'&gt;, &lt;class 'NoneType'&gt;))</failure></testcase><testcase classname="tests.test_generated_file_tools_v3" name="test_EmptyFolderCleaner_delete_folders_parametrized[test_input0-list]" time="0.000" /><testcase classname="tests.test_generated_file_tools_v3" name="test_EmptyFolderCleaner_delete_folders_parametrized[test_input1-dict]" time="0.001"><failure message="AssertionError: Expected {expected_type}, got {type(result)}&#10;assert (False or [('folders_test.txt', False, &quot;[WinError 2] The system cannot find the file specified: 'folders_test.txt'&quot;)] is None)&#10; +  where False = isinstance([('folders_test.txt', False, &quot;[WinError 2] The system cannot find the file specified: 'folders_test.txt'&quot;)], &lt;class 'dict'&gt;)">tests\test_generated_file_tools_v3.py:287: in test_EmptyFolderCleaner_delete_folders_parametrized
    assert isinstance(result, expected_type) or result is None, f"Expected {{expected_type}}, got {{type(result)}}"
E   AssertionError: Expected {expected_type}, got {type(result)}
E   assert (False or [('folders_test.txt', False, "[WinError 2] The system cannot find the file specified: 'folders_test.txt'")] is None)
E    +  where False = isinstance([('folders_test.txt', False, "[WinError 2] The system cannot find the file specified: 'folders_test.txt'")], &lt;class 'dict'&gt;)</failure></testcase><testcase classname="tests.test_generated_file_tools_v3" name="test_EmptyFolderCleaner_delete_folders_parametrized[test-expected_type2]" time="0.001"><failure message="AssertionError: Expected {expected_type}, got {type(result)}&#10;assert (False or [('folders_test.txt', False, &quot;[WinError 2] The system cannot find the file specified: 'folders_test.txt'&quot;)] is None)&#10; +  where False = isinstance([('folders_test.txt', False, &quot;[WinError 2] The system cannot find the file specified: 'folders_test.txt'&quot;)], (&lt;class 'str'&gt;, &lt;class 'NoneType'&gt;))">tests\test_generated_file_tools_v3.py:287: in test_EmptyFolderCleaner_delete_folders_parametrized
    assert isinstance(result, expected_type) or result is None, f"Expected {{expected_type}}, got {{type(result)}}"
E   AssertionError: Expected {expected_type}, got {type(result)}
E   assert (False or [('folders_test.txt', False, "[WinError 2] The system cannot find the file specified: 'folders_test.txt'")] is None)
E    +  where False = isinstance([('folders_test.txt', False, "[WinError 2] The system cannot find the file specified: 'folders_test.txt'")], (&lt;class 'str'&gt;, &lt;class 'NoneType'&gt;))</failure></testcase><testcase classname="tests.test_generated_file_tools_v3" name="test_ExtensionRule_apply_parametrized[test_input0-list]" time="0.001"><failure message="AssertionError: Expected {expected_type}, got {type(result)}&#10;assert (False or ('name_example', 'test_value') is None)&#10; +  where False = isinstance(('name_example', 'test_value'), &lt;class 'list'&gt;)">tests\test_generated_file_tools_v3.py:300: in test_ExtensionRule_apply_parametrized
    assert isinstance(result, expected_type) or result is None, f"Expected {{expected_type}}, got {{type(result)}}"
E   AssertionError: Expected {expected_type}, got {type(result)}
E   assert (False or ('name_example', 'test_value') is None)
E    +  where False = isinstance(('name_example', 'test_value'), &lt;class 'list'&gt;)</failure></testcase><testcase classname="tests.test_generated_file_tools_v3" name="test_ExtensionRule_apply_parametrized[test_input1-dict]" time="0.000"><failure message="AssertionError: Expected {expected_type}, got {type(result)}&#10;assert (False or ('name_example', 'test_value') is None)&#10; +  where False = isinstance(('name_example', 'test_value'), &lt;class 'dict'&gt;)">tests\test_generated_file_tools_v3.py:300: in test_ExtensionRule_apply_parametrized
    assert isinstance(result, expected_type) or result is None, f"Expected {{expected_type}}, got {{type(result)}}"
E   AssertionError: Expected {expected_type}, got {type(result)}
E   assert (False or ('name_example', 'test_value') is None)
E    +  where False = isinstance(('name_example', 'test_value'), &lt;class 'dict'&gt;)</failure></testcase><testcase classname="tests.test_generated_file_tools_v3" name="test_ExtensionRule_apply_parametrized[test-expected_type2]" time="0.000"><failure message="AssertionError: Expected {expected_type}, got {type(result)}&#10;assert (False or ('name_example', 'test_value') is None)&#10; +  where False = isinstance(('name_example', 'test_value'), (&lt;class 'str'&gt;, &lt;class 'NoneType'&gt;))">tests\test_generated_file_tools_v3.py:300: in test_ExtensionRule_apply_parametrized
    assert isinstance(result, expected_type) or result is None, f"Expected {{expected_type}}, got {{type(result)}}"
E   AssertionError: Expected {expected_type}, got {type(result)}
E   assert (False or ('name_example', 'test_value') is None)
E    +  where False = isinstance(('name_example', 'test_value'), (&lt;class 'str'&gt;, &lt;class 'NoneType'&gt;))</failure></testcase><testcase classname="tests.test_generated_file_tools_v3" name="test_ReplaceRule_apply_parametrized[test_input0-list]" time="0.000"><failure message="TypeError: ReplaceRule.__init__() missing 2 required positional arguments: 'old' and 'new'">tests\test_generated_file_tools_v3.py:312: in test_ReplaceRule_apply_parametrized
    result = ReplaceRule().apply('name_example', 'test_value', 42)
             ^^^^^^^^^^^^^
E   TypeError: ReplaceRule.__init__() missing 2 required positional arguments: 'old' and 'new'</failure></testcase><testcase classname="tests.test_generated_file_tools_v3" name="test_ReplaceRule_apply_parametrized[test_input1-dict]" time="0.000"><failure message="TypeError: ReplaceRule.__init__() missing 2 required positional arguments: 'old' and 'new'">tests\test_generated_file_tools_v3.py:312: in test_ReplaceRule_apply_parametrized
    result = ReplaceRule().apply('name_example', 'test_value', 42)
             ^^^^^^^^^^^^^
E   TypeError: ReplaceRule.__init__() missing 2 required positional arguments: 'old' and 'new'</failure></testcase><testcase classname="tests.test_generated_file_tools_v3" name="test_ReplaceRule_apply_parametrized[test-expected_type2]" time="0.000"><failure message="TypeError: ReplaceRule.__init__() missing 2 required positional arguments: 'old' and 'new'">tests\test_generated_file_tools_v3.py:312: in test_ReplaceRule_apply_parametrized
    result = ReplaceRule().apply('name_example', 'test_value', 42)
             ^^^^^^^^^^^^^
E   TypeError: ReplaceRule.__init__() missing 2 required positional arguments: 'old' and 'new'</failure></testcase><testcase classname="tests.test_generated_file_tools_v3" name="test_TransactionLog_get_last_transaction_parametrized[test_input0-list]" time="0.001"><failure message="AssertionError: Expected {expected_type}, got {type(result)}&#10;assert (False or Transaction(timestamp=1766803842.6647317, operations=[{'old': 'old_paths_test.txt', 'new': 'new_paths_test.txt'}]) is None)&#10; +  where False = isinstance(Transaction(timestamp=1766803842.6647317, operations=[{'old': 'old_paths_test.txt', 'new': 'new_paths_test.txt'}]), &lt;class 'list'&gt;)">tests\test_generated_file_tools_v3.py:327: in test_TransactionLog_get_last_transaction_parametrized
    assert isinstance(result, expected_type) or result is None, f"Expected {{expected_type}}, got {{type(result)}}"
E   AssertionError: Expected {expected_type}, got {type(result)}
E   assert (False or Transaction(timestamp=1766803842.6647317, operations=[{'old': 'old_paths_test.txt', 'new': 'new_paths_test.txt'}]) is None)
E    +  where False = isinstance(Transaction(timestamp=1766803842.6647317, operations=[{'old': 'old_paths_test.txt', 'new': 'new_paths_test.txt'}]), &lt;class 'list'&gt;)</failure></testcase><testcase classname="tests.test_generated_file_tools_v3" name="test_TransactionLog_get_last_transaction_parametrized[test_input1-dict]" time="0.001"><failure message="AssertionError: Expected {expected_type}, got {type(result)}&#10;assert (False or Transaction(timestamp=1766803842.6647317, operations=[{'old': 'old_paths_test.txt', 'new': 'new_paths_test.txt'}]) is None)&#10; +  where False = isinstance(Transaction(timestamp=1766803842.6647317, operations=[{'old': 'old_paths_test.txt', 'new': 'new_paths_test.txt'}]), &lt;class 'dict'&gt;)">tests\test_generated_file_tools_v3.py:327: in test_TransactionLog_get_last_transaction_parametrized
    assert isinstance(result, expected_type) or result is None, f"Expected {{expected_type}}, got {{type(result)}}"
E   AssertionError: Expected {expected_type}, got {type(result)}
E   assert (False or Transaction(timestamp=1766803842.6647317, operations=[{'old': 'old_paths_test.txt', 'new': 'new_paths_test.txt'}]) is None)
E    +  where False = isinstance(Transaction(timestamp=1766803842.6647317, operations=[{'old': 'old_paths_test.txt', 'new': 'new_paths_test.txt'}]), &lt;class 'dict'&gt;)</failure></testcase><testcase classname="tests.test_generated_file_tools_v3" name="test_TransactionLog_get_last_transaction_parametrized[test-expected_type2]" time="0.001"><failure message="AssertionError: Expected {expected_type}, got {type(result)}&#10;assert (False or Transaction(timestamp=1766803842.6647317, operations=[{'old': 'old_paths_test.txt', 'new': 'new_paths_test.txt'}]) is None)&#10; +  where False = isinstance(Transaction(timestamp=1766803842.6647317, operations=[{'old': 'old_paths_test.txt', 'new': 'new_paths_test.txt'}]), (&lt;class 'str'&gt;, &lt;class 'NoneType'&gt;))">tests\test_generated_file_tools_v3.py:327: in test_TransactionLog_get_last_transaction_parametrized
    assert isinstance(result, expected_type) or result is None, f"Expected {{expected_type}}, got {{type(result)}}"
E   AssertionError: Expected {expected_type}, got {type(result)}
E   assert (False or Transaction(timestamp=1766803842.6647317, operations=[{'old': 'old_paths_test.txt', 'new': 'new_paths_test.txt'}]) is None)
E    +  where False = isinstance(Transaction(timestamp=1766803842.6647317, operations=[{'old': 'old_paths_test.txt', 'new': 'new_paths_test.txt'}]), (&lt;class 'str'&gt;, &lt;class 'NoneType'&gt;))</failure></testcase><testcase classname="tests.test_generated_file_tools_v3" name="test_remove_vietnamese_accents_parametrized[test_input0-list]" time="0.001"><failure message="AssertionError: Expected {expected_type}, got {type(result)}&#10;assert (False or 'test_value' is None)&#10; +  where False = isinstance('test_value', &lt;class 'list'&gt;)">tests\test_generated_file_tools_v3.py:341: in test_remove_vietnamese_accents_parametrized
    assert isinstance(result, expected_type) or result is None, f"Expected {{expected_type}}, got {{type(result)}}"
E   AssertionError: Expected {expected_type}, got {type(result)}
E   assert (False or 'test_value' is None)
E    +  where False = isinstance('test_value', &lt;class 'list'&gt;)</failure></testcase><testcase classname="tests.test_generated_file_tools_v3" name="test_remove_vietnamese_accents_parametrized[test_input1-dict]" time="0.000"><failure message="AssertionError: Expected {expected_type}, got {type(result)}&#10;assert (False or 'test_value' is None)&#10; +  where False = isinstance('test_value', &lt;class 'dict'&gt;)">tests\test_generated_file_tools_v3.py:341: in test_remove_vietnamese_accents_parametrized
    assert isinstance(result, expected_type) or result is None, f"Expected {{expected_type}}, got {{type(result)}}"
E   AssertionError: Expected {expected_type}, got {type(result)}
E   assert (False or 'test_value' is None)
E    +  where False = isinstance('test_value', &lt;class 'dict'&gt;)</failure></testcase><testcase classname="tests.test_generated_file_tools_v3" name="test_remove_vietnamese_accents_parametrized[test-expected_type2]" time="0.000" /><testcase classname="tests.test_generated_file_tools_v3" name="test_RemoveAccentsRule_apply_parametrized[test_input0-list]" time="0.000"><failure message="AssertionError: Expected {expected_type}, got {type(result)}&#10;assert (False or ('name_example', 'test_value') is None)&#10; +  where False = isinstance(('name_example', 'test_value'), &lt;class 'list'&gt;)">tests\test_generated_file_tools_v3.py:354: in test_RemoveAccentsRule_apply_parametrized
    assert isinstance(result, expected_type) or result is None, f"Expected {{expected_type}}, got {{type(result)}}"
E   AssertionError: Expected {expected_type}, got {type(result)}
E   assert (False or ('name_example', 'test_value') is None)
E    +  where False = isinstance(('name_example', 'test_value'), &lt;class 'list'&gt;)</failure></testcase><testcase classname="tests.test_generated_file_tools_v3" name="test_RemoveAccentsRule_apply_parametrized[test_input1-dict]" time="0.001"><failure message="AssertionError: Expected {expected_type}, got {type(result)}&#10;assert (False or ('name_example', 'test_value') is None)&#10; +  where False = isinstance(('name_example', 'test_value'), &lt;class 'dict'&gt;)">tests\test_generated_file_tools_v3.py:354: in test_RemoveAccentsRule_apply_parametrized
    assert isinstance(result, expected_type) or result is None, f"Expected {{expected_type}}, got {{type(result)}}"
E   AssertionError: Expected {expected_type}, got {type(result)}
E   assert (False or ('name_example', 'test_value') is None)
E    +  where False = isinstance(('name_example', 'test_value'), &lt;class 'dict'&gt;)</failure></testcase><testcase classname="tests.test_generated_file_tools_v3" name="test_RemoveAccentsRule_apply_parametrized[test-expected_type2]" time="0.000"><failure message="AssertionError: Expected {expected_type}, got {type(result)}&#10;assert (False or ('name_example', 'test_value') is None)&#10; +  where False = isinstance(('name_example', 'test_value'), (&lt;class 'str'&gt;, &lt;class 'NoneType'&gt;))">tests\test_generated_file_tools_v3.py:354: in test_RemoveAccentsRule_apply_parametrized
    assert isinstance(result, expected_type) or result is None, f"Expected {{expected_type}}, got {{type(result)}}"
E   AssertionError: Expected {expected_type}, got {type(result)}
E   assert (False or ('name_example', 'test_value') is None)
E    +  where False = isinstance(('name_example', 'test_value'), (&lt;class 'str'&gt;, &lt;class 'NoneType'&gt;))</failure></testcase><testcase classname="tests.test_generated_file_tools_v3" name="test_AddStringRule_apply_parametrized[test_input0-list]" time="0.000"><failure message="TypeError: AddStringRule.__init__() missing 1 required positional argument: 'text'">tests\test_generated_file_tools_v3.py:366: in test_AddStringRule_apply_parametrized
    result = AddStringRule().apply('name_example', 'test_value', 42)
             ^^^^^^^^^^^^^^^
E   TypeError: AddStringRule.__init__() missing 1 required positional argument: 'text'</failure></testcase><testcase classname="tests.test_generated_file_tools_v3" name="test_AddStringRule_apply_parametrized[test_input1-dict]" time="0.000"><failure message="TypeError: AddStringRule.__init__() missing 1 required positional argument: 'text'">tests\test_generated_file_tools_v3.py:366: in test_AddStringRule_apply_parametrized
    result = AddStringRule().apply('name_example', 'test_value', 42)
             ^^^^^^^^^^^^^^^
E   TypeError: AddStringRule.__init__() missing 1 required positional argument: 'text'</failure></testcase><testcase classname="tests.test_generated_file_tools_v3" name="test_AddStringRule_apply_parametrized[test-expected_type2]" time="0.000"><failure message="TypeError: AddStringRule.__init__() missing 1 required positional argument: 'text'">tests\test_generated_file_tools_v3.py:366: in test_AddStringRule_apply_parametrized
    result = AddStringRule().apply('name_example', 'test_value', 42)
             ^^^^^^^^^^^^^^^
E   TypeError: AddStringRule.__init__() missing 1 required positional argument: 'text'</failure></testcase><testcase classname="tests.test_generated_file_tools_v3" name="test_SequenceRule_apply_parametrized[test_input0-list]" time="0.001"><failure message="AssertionError: Expected {expected_type}, got {type(result)}&#10;assert (False or ('name_example_043', 'test_value') is None)&#10; +  where False = isinstance(('name_example_043', 'test_value'), &lt;class 'list'&gt;)">tests\test_generated_file_tools_v3.py:380: in test_SequenceRule_apply_parametrized
    assert isinstance(result, expected_type) or result is None, f"Expected {{expected_type}}, got {{type(result)}}"
E   AssertionError: Expected {expected_type}, got {type(result)}
E   assert (False or ('name_example_043', 'test_value') is None)
E    +  where False = isinstance(('name_example_043', 'test_value'), &lt;class 'list'&gt;)</failure></testcase><testcase classname="tests.test_generated_file_tools_v3" name="test_SequenceRule_apply_parametrized[test_input1-dict]" time="0.001"><failure message="AssertionError: Expected {expected_type}, got {type(result)}&#10;assert (False or ('name_example_043', 'test_value') is None)&#10; +  where False = isinstance(('name_example_043', 'test_value'), &lt;class 'dict'&gt;)">tests\test_generated_file_tools_v3.py:380: in test_SequenceRule_apply_parametrized
    assert isinstance(result, expected_type) or result is None, f"Expected {{expected_type}}, got {{type(result)}}"
E   AssertionError: Expected {expected_type}, got {type(result)}
E   assert (False or ('name_example_043', 'test_value') is None)
E    +  where False = isinstance(('name_example_043', 'test_value'), &lt;class 'dict'&gt;)</failure></testcase><testcase classname="tests.test_generated_file_tools_v3" name="test_SequenceRule_apply_parametrized[test-expected_type2]" time="0.001"><failure message="AssertionError: Expected {expected_type}, got {type(result)}&#10;assert (False or ('name_example_043', 'test_value') is None)&#10; +  where False = isinstance(('name_example_043', 'test_value'), (&lt;class 'str'&gt;, &lt;class 'NoneType'&gt;))">tests\test_generated_file_tools_v3.py:380: in test_SequenceRule_apply_parametrized
    assert isinstance(result, expected_type) or result is None, f"Expected {{expected_type}}, got {{type(result)}}"
E   AssertionError: Expected {expected_type}, got {type(result)}
E   assert (False or ('name_example_043', 'test_value') is None)
E    +  where False = isinstance(('name_example_043', 'test_value'), (&lt;class 'str'&gt;, &lt;class 'NoneType'&gt;))</failure></testcase><testcase classname="tests.test_generated_file_tools_v3" name="test_TransactionLog_remove_transaction_file_basic" time="0.001"><failure message="AssertionError: Expected result, got {result}&#10;assert (None is not None or None == [] or None == {})">tests\test_generated_file_tools_v3.py:390: in test_TransactionLog_remove_transaction_file_basic
    assert result is not None or result == [] or result == {}, f"Expected result, got {{result}}"
E   AssertionError: Expected result, got {result}
E   assert (None is not None or None == [] or None == {})</failure></testcase><testcase classname="tests.test_generated_file_tools_v3" name="test_CaseRule___init___basic" time="0.000"><failure message="AssertionError: Expected result, got {result}&#10;assert (None is not None or None == [] or None == {})">tests\test_generated_file_tools_v3.py:399: in test_CaseRule___init___basic
    assert result is not None or result == [] or result == {}, f"Expected result, got {{result}}"
E   AssertionError: Expected result, got {result}
E   assert (None is not None or None == [] or None == {})</failure></testcase><testcase classname="tests.test_generated_file_tools_v3" name="test_ReplaceRule___init___basic" time="0.000"><failure message="TypeError: ReplaceRule.__init__() missing 2 required positional arguments: 'old' and 'new'">tests\test_generated_file_tools_v3.py:406: in test_ReplaceRule___init___basic
    result = ReplaceRule().__init__('test_value', 'test_value', True)
             ^^^^^^^^^^^^^
E   TypeError: ReplaceRule.__init__() missing 2 required positional arguments: 'old' and 'new'</failure></testcase><testcase classname="tests.test_generated_file_tools_v3" name="test_RemoveAccentsRule___init___basic" time="0.001"><failure message="AssertionError: Expected result, got {result}&#10;assert (None is not None or None == [] or None == {})">tests\test_generated_file_tools_v3.py:417: in test_RemoveAccentsRule___init___basic
    assert result is not None or result == [] or result == {}, f"Expected result, got {{result}}"
E   AssertionError: Expected result, got {result}
E   assert (None is not None or None == [] or None == {})</failure></testcase><testcase classname="tests.test_generated_file_tools_v3" name="test_TrimRule_apply_parametrized[test_input0-list]" time="0.000"><failure message="AssertionError: Expected {expected_type}, got {type(result)}&#10;assert (False or ('name_example', 'test_value') is None)&#10; +  where False = isinstance(('name_example', 'test_value'), &lt;class 'list'&gt;)">tests\test_generated_file_tools_v3.py:430: in test_TrimRule_apply_parametrized
    assert isinstance(result, expected_type) or result is None, f"Expected {{expected_type}}, got {{type(result)}}"
E   AssertionError: Expected {expected_type}, got {type(result)}
E   assert (False or ('name_example', 'test_value') is None)
E    +  where False = isinstance(('name_example', 'test_value'), &lt;class 'list'&gt;)</failure></testcase><testcase classname="tests.test_generated_file_tools_v3" name="test_TrimRule_apply_parametrized[test_input1-dict]" time="0.001"><failure message="AssertionError: Expected {expected_type}, got {type(result)}&#10;assert (False or ('name_example', 'test_value') is None)&#10; +  where False = isinstance(('name_example', 'test_value'), &lt;class 'dict'&gt;)">tests\test_generated_file_tools_v3.py:430: in test_TrimRule_apply_parametrized
    assert isinstance(result, expected_type) or result is None, f"Expected {{expected_type}}, got {{type(result)}}"
E   AssertionError: Expected {expected_type}, got {type(result)}
E   assert (False or ('name_example', 'test_value') is None)
E    +  where False = isinstance(('name_example', 'test_value'), &lt;class 'dict'&gt;)</failure></testcase><testcase classname="tests.test_generated_file_tools_v3" name="test_TrimRule_apply_parametrized[test-expected_type2]" time="0.001"><failure message="AssertionError: Expected {expected_type}, got {type(result)}&#10;assert (False or ('name_example', 'test_value') is None)&#10; +  where False = isinstance(('name_example', 'test_value'), (&lt;class 'str'&gt;, &lt;class 'NoneType'&gt;))">tests\test_generated_file_tools_v3.py:430: in test_TrimRule_apply_parametrized
    assert isinstance(result, expected_type) or result is None, f"Expected {{expected_type}}, got {{type(result)}}"
E   AssertionError: Expected {expected_type}, got {type(result)}
E   assert (False or ('name_example', 'test_value') is None)
E    +  where False = isinstance(('name_example', 'test_value'), (&lt;class 'str'&gt;, &lt;class 'NoneType'&gt;))</failure></testcase><testcase classname="tests.test_generated_file_tools_v3" name="test_AddStringRule___init___basic" time="0.000"><failure message="TypeError: AddStringRule.__init__() missing 1 required positional argument: 'text'">tests\test_generated_file_tools_v3.py:437: in test_AddStringRule___init___basic
    result = AddStringRule().__init__('test_value', True)
             ^^^^^^^^^^^^^^^
E   TypeError: AddStringRule.__init__() missing 1 required positional argument: 'text'</failure></testcase><testcase classname="tests.test_generated_file_tools_v3" name="test_SequenceRule___init___basic" time="0.000"><failure message="AssertionError: Expected result, got {result}&#10;assert (None is not None or None == [] or None == {})">tests\test_generated_file_tools_v3.py:448: in test_SequenceRule___init___basic
    assert result is not None or result == [] or result == {}, f"Expected result, got {{result}}"
E   AssertionError: Expected result, got {result}
E   assert (None is not None or None == [] or None == {})</failure></testcase><testcase classname="tests.test_generated_file_tools_v3" name="test_ExtensionRule___init___basic" time="0.000"><failure message="AssertionError: Expected result, got {result}&#10;assert (None is not None or None == [] or None == {})">tests\test_generated_file_tools_v3.py:457: in test_ExtensionRule___init___basic
    assert result is not None or result == [] or result == {}, f"Expected result, got {{result}}"
E   AssertionError: Expected result, got {result}
E   assert (None is not None or None == [] or None == {})</failure></testcase><testcase classname="tests.test_generated_file_tools_v3" name="test_DuplicateFinder___init___basic" time="0.000"><failure message="AssertionError: Expected result, got {result}&#10;assert (None is not None or None == [] or None == {})">tests\test_generated_file_tools_v3.py:466: in test_DuplicateFinder___init___basic
    assert result is not None or result == [] or result == {}, f"Expected result, got {{result}}"
E   AssertionError: Expected result, got {result}
E   assert (None is not None or None == [] or None == {})</failure></testcase><testcase classname="tests.test_generated_file_tools_v3" name="test_DuplicateFinder_abort_basic" time="0.000"><failure message="AssertionError: Expected result, got {result}&#10;assert (None is not None or None == [] or None == {})">tests\test_generated_file_tools_v3.py:475: in test_DuplicateFinder_abort_basic
    assert result is not None or result == [] or result == {}, f"Expected result, got {{result}}"
E   AssertionError: Expected result, got {result}
E   assert (None is not None or None == [] or None == {})</failure></testcase><testcase classname="tests.test_generated_file_tools_v3" name="test_TransactionLog___init___basic" time="0.001"><failure message="AssertionError: Expected result, got {result}&#10;assert (None is not None or None == [] or None == {})">tests\test_generated_file_tools_v3.py:484: in test_TransactionLog___init___basic
    assert result is not None or result == [] or result == {}, f"Expected result, got {{result}}"
E   AssertionError: Expected result, got {result}
E   assert (None is not None or None == [] or None == {})</failure></testcase><testcase classname="tests.test_generated_file_tools_v3" name="test_FileToolsEngine___init___basic" time="0.001"><failure message="AssertionError: Expected result, got {result}&#10;assert (None is not None or None == [] or None == {})">tests\test_generated_file_tools_v3.py:493: in test_FileToolsEngine___init___basic
    assert result is not None or result == [] or result == {}, f"Expected result, got {{result}}"
E   AssertionError: Expected result, got {result}
E   assert (None is not None or None == [] or None == {})</failure></testcase><testcase classname="tests.test_generated_file_tools_v3" name="test_FileToolsEngine_add_rule_basic" time="0.001"><failure message="AssertionError: Expected result, got {result}&#10;assert (None is not None or None == [] or None == {})">tests\test_generated_file_tools_v3.py:502: in test_FileToolsEngine_add_rule_basic
    assert result is not None or result == [] or result == {}, f"Expected result, got {{result}}"
E   AssertionError: Expected result, got {result}
E   assert (None is not None or None == [] or None == {})</failure></testcase><testcase classname="tests.test_generated_file_tools_v3" name="test_FileToolsEngine_clear_rules_basic" time="0.001"><failure message="AssertionError: Expected result, got {result}&#10;assert (None is not None or None == [] or None == {})">tests\test_generated_file_tools_v3.py:511: in test_FileToolsEngine_clear_rules_basic
    assert result is not None or result == [] or result == {}, f"Expected result, got {{result}}"
E   AssertionError: Expected result, got {result}
E   assert (None is not None or None == [] or None == {})</failure></testcase></testsuite></testsuites>